A*02:01,none,1HHH,FLPSDFFPSV,none,-79.22053755969603
