A*02:01,humanbeta2m,none,none,tapbpr,-89.50840440001048
