H2-Dd,humanbeta2m,P18-I10_A1,b423_tcr,none_on_5ivx_idealized-relaxed,-83.3606972768639
H2-Dd,humanbeta2m,P18-I10_A10,b423_tcr,none_on_5ivx_idealized-relaxed,-79.68982374474069
